> Task :app:checkKotlinGradlePluginConfigurationErrors SKIPPED
> Task :app:preBuild UP-TO-DATE
> Task :app:preDebugBuild UP-TO-DATE
> Task :app:checkDebugAarMetadata UP-TO-DATE
> Task :app:generateDebugResValues UP-TO-DATE
> Task :app:mapDebugSourceSetPaths UP-TO-DATE
> Task :app:generateDebugResources UP-TO-DATE
> Task :app:mergeDebugResources UP-TO-DATE
> Task :app:packageDebugResources UP-TO-DATE
> Task :app:parseDebugLocalResources UP-TO-DATE
> Task :app:createDebugCompatibleScreenManifests UP-TO-DATE
> Task :app:extractDeepLinksDebug UP-TO-DATE
> Task :app:processDebugMainManifest UP-TO-DATE
> Task :app:processDebugManifest UP-TO-DATE
> Task :app:processDebugManifestForPackage UP-TO-DATE
> Task :app:processDebugResources UP-TO-DATE

> Task :app:compileDebugKotlin FAILED
.\gradlew.bat : e: file:///C:/Users/soham/AndroidStudioProjects/MyCoffeeApp/app
/src/main/java/com/example/mycoffeeapp/di/ServiceLocator.kt:4:44 Unresolved 
reference 'CartApiService'.
At line:1 char:1
+ .\gradlew.bat :app:compileDebugKotlin 2>&1 > build_error.log ; cat bu ...
+ ~~~~~~~~~~~~~~~~~~~~~~~~~~~~~~~~~~~~~~~~~~~~~~~~~~~~~~~~~~~~
    + CategoryInfo          : NotSpecified: (e: file:///C:/U...artApiService'. 
   :String) [], RemoteException
    + FullyQualifiedErrorId : NativeCommandError
 
e: file:///C:/Users/soham/AndroidStudioProjects/MyCoffeeApp/app/src/main/java/c
om/example/mycoffeeapp/di/ServiceLocator.kt:5:44 Unresolved reference 
'FavoriteApiService'.
e: file:///C:/Users/soham/AndroidStudioProjects/MyCoffeeApp/app/src/main/java/c
om/example/mycoffeeapp/di/ServiceLocator.kt:6:44 Unresolved reference 
'ProfileApiService'.
e: file:///C:/Users/soham/AndroidStudioProjects/MyCoffeeApp/app/src/main/java/c
om/example/mycoffeeapp/di/ServiceLocator.kt:42:33 Unresolved reference 
'CartApiService'.
e: file:///C:/Users/soham/AndroidStudioProjects/MyCoffeeApp/app/src/main/java/c
om/example/mycoffeeapp/di/ServiceLocator.kt:45:37 Unresolved reference 
'FavoriteApiService'.
e: file:///C:/Users/soham/AndroidStudioProjects/MyCoffeeApp/app/src/main/java/c
om/example/mycoffeeapp/di/ServiceLocator.kt:48:36 Unresolved reference 
'ProfileApiService'.

[Incubating] Problems report is available at: file:///C:/Users/soham/AndroidStudioProjects/MyCoffeeApp/build/reports/problems/problems-report.html

FAILURE: Build failed with an exception.

* What went wrong:
Execution failed for task ':app:compileDebugKotlin'.
> A failure occurred while executing org.jetbrains.kotlin.compilerRunner.Gradle
CompilerRunnerWithWorkers$GradleKotlinCompilerWorkAction
   > Compilation error. See log for more details

* Try:
> Run with --stacktrace option to get the stack trace.
> Run with --info or --debug option to get more log output.
> Run with --scan to get full insights from a Build Scan (powered by 
Develocity).
> Get more help at https://help.gradle.org.

Deprecated Gradle features were used in this build, making it incompatible with Gradle 10.

You can use '--warning-mode all' to show the individual deprecation warnings and determine if they come from your own scripts or plugins.

For more on this, please refer to https://docs.gradle.org/9.4.1/userguide/command_line_interface.html#sec:command_line_warnings in the Gradle documentation.

BUILD FAILED in 2s
14 actionable tasks: 1 executed, 13 up-to-date
